src/auth/better-auth-session-handler.ts(85,19): error TS2461: Type 'any[][] | Record<string, any>[] | FullQueryResults<boolean>' is not an array type.
src/auth/better-auth-session-handler.ts(113,13): error TS2461: Type 'any[][] | Record<string, any>[] | FullQueryResults<boolean>' is not an array type.
src/auth/better-auth-session-handler.ts(171,15): error TS2339: Property 'email' does not exist on type '{}'.
src/auth/better-auth-session-handler.ts(171,22): error TS2339: Property 'password' does not exist on type '{}'.
src/auth/better-auth-session-handler.ts(176,13): error TS2461: Type 'any[][] | Record<string, any>[] | FullQueryResults<boolean>' is not an array type.
src/config/hyperdrive-config.ts(286,23): error TS2802: Type 'MapIterator<string>' can only be iterated through when using the '--downlevelIteration' flag or with a '--target' of 'es2015' or higher.
src/db/optimized-connection.ts(98,19): error TS2740: Type '{}' is missing the following properties from type 'any[]': length, pop, push, concat, and 29 more.
src/db/queries/analytics.ts(151,28): error TS2345: Argument of type 'string' is not assignable to parameter of type 'TemplateStringsArray'.
src/db/queries/analytics.ts(222,28): error TS2345: Argument of type 'string' is not assignable to parameter of type 'TemplateStringsArray'.
src/db/queries/documents.ts(187,28): error TS2345: Argument of type 'string' is not assignable to parameter of type 'TemplateStringsArray'.
  Type 'string' is not assignable to type 'TemplateStringsArray'.
src/db/queries/documents.ts(208,28): error TS2345: Argument of type 'string' is not assignable to parameter of type 'TemplateStringsArray'.
src/db/queries/documents.ts(286,28): error TS2345: Argument of type 'string' is not assignable to parameter of type 'TemplateStringsArray'.
src/db/queries/documents.ts(456,28): error TS2345: Argument of type 'string' is not assignable to parameter of type 'TemplateStringsArray'.
src/db/queries/investments.ts(199,28): error TS2345: Argument of type 'string' is not assignable to parameter of type 'TemplateStringsArray'.
src/db/queries/investments.ts(236,28): error TS2345: Argument of type 'string' is not assignable to parameter of type 'TemplateStringsArray'.
src/db/queries/investments.ts(309,28): error TS2345: Argument of type 'string' is not assignable to parameter of type 'TemplateStringsArray'.
src/db/queries/investments.ts(432,28): error TS2345: Argument of type 'string' is not assignable to parameter of type 'TemplateStringsArray'.
src/db/queries/messaging.ts(113,7): error TS2345: Argument of type 'string' is not assignable to parameter of type 'TemplateStringsArray'.
src/db/queries/messaging.ts(299,28): error TS2345: Argument of type 'string' is not assignable to parameter of type 'TemplateStringsArray'.
src/db/queries/messaging.ts(575,28): error TS2345: Argument of type 'string' is not assignable to parameter of type 'TemplateStringsArray'.
src/db/queries/notifications.ts(138,28): error TS2345: Argument of type 'string' is not assignable to parameter of type 'TemplateStringsArray'.
src/db/queries/notifications.ts(182,28): error TS2345: Argument of type 'string' is not assignable to parameter of type 'TemplateStringsArray'.
src/db/queries/notifications.ts(372,29): error TS2345: Argument of type 'string' is not assignable to parameter of type 'TemplateStringsArray'.
src/db/queries/notifications.ts(383,33): error TS2345: Argument of type 'string' is not assignable to parameter of type 'TemplateStringsArray'.
src/db/queries/notifications.ts(398,36): error TS2345: Argument of type 'string' is not assignable to parameter of type 'TemplateStringsArray'.
src/db/queries/pitches.ts(157,28): error TS2345: Argument of type 'string' is not assignable to parameter of type 'TemplateStringsArray'.
  Type 'string' is not assignable to type 'TemplateStringsArray'.
src/db/queries/pitches.ts(203,28): error TS2345: Argument of type 'string' is not assignable to parameter of type 'TemplateStringsArray'.
src/db/queries/pitches.ts(384,28): error TS2345: Argument of type 'string' is not assignable to parameter of type 'TemplateStringsArray'.
src/db/queries/pitches.ts(444,28): error TS2345: Argument of type 'string' is not assignable to parameter of type 'TemplateStringsArray'.
src/db/queries/pitches.ts(624,28): error TS2345: Argument of type 'string' is not assignable to parameter of type 'TemplateStringsArray'.
src/db/queries/pitches.ts(782,28): error TS2345: Argument of type 'string' is not assignable to parameter of type 'TemplateStringsArray'.
src/db/queries/settings.ts(86,5): error TS2740: Type 'Row' is missing the following properties from type 'UserSettings': id, userId, emailNotifications, pushNotifications, and 15 more.
src/db/queries/settings.ts(177,5): error TS2740: Type 'Row' is missing the following properties from type 'UserSettings': id, userId, emailNotifications, pushNotifications, and 15 more.
src/db/queries/settings.ts(221,5): error TS2739: Type 'Row' is missing the following properties from type 'AuthSession': id, userId, createdAt, lastActivity
src/db/queries/settings.ts(250,5): error TS2322: Type 'RowList<Row[]>' is not assignable to type 'AuthSession[]'.
  The types returned by 'pop()' are incompatible between these types.
    Type 'Row' is missing the following properties from type 'AuthSession': id, userId, createdAt, lastActivity
src/db/queries/settings.ts(288,5): error TS2739: Type 'Row' is missing the following properties from type 'AccountAction': id, userId, actionType, createdAt
src/db/queries/settings.ts(314,5): error TS2322: Type 'RowList<Row[]>' is not assignable to type 'AccountAction[]'.
  The types returned by 'pop()' are incompatible between these types.
    Type 'Row' is missing the following properties from type 'AccountAction': id, userId, actionType, createdAt
src/db/queries/teams.ts(6,10): error TS2305: Module '"../connection"' has no exported member 'Sql'.
src/db/queries/users.ts(169,28): error TS2345: Argument of type 'string' is not assignable to parameter of type 'TemplateStringsArray'.
src/db/queries/users.ts(232,28): error TS2345: Argument of type 'string' is not assignable to parameter of type 'TemplateStringsArray'.
src/db/queries/users.ts(278,28): error TS2345: Argument of type 'string' is not assignable to parameter of type 'TemplateStringsArray'.
src/durable-objects/container-orchestrator-do.ts(184,29): error TS2802: Type 'MapIterator<ContainerInfo>' can only be iterated through when using the '--downlevelIteration' flag or with a '--target' of 'es2015' or higher.
src/durable-objects/container-orchestrator-do.ts(208,29): error TS2802: Type 'MapIterator<ContainerInfo>' can only be iterated through when using the '--downlevelIteration' flag or with a '--target' of 'es2015' or higher.
src/durable-objects/job-scheduler-do.ts(62,32): error TS2802: Type 'Map<string, ScheduledJob>' can only be iterated through when using the '--downlevelIteration' flag or with a '--target' of 'es2015' or higher.
src/durable-objects/job-scheduler-do.ts(343,23): error TS2802: Type 'MapIterator<ScheduledJob>' can only be iterated through when using the '--downlevelIteration' flag or with a '--target' of 'es2015' or higher.
src/durable-objects/notification-hub.ts(280,33): error TS2802: Type 'Map<WebSocket, NotificationSession>' can only be iterated through when using the '--downlevelIteration' flag or with a '--target' of 'es2015' or higher.
src/durable-objects/notification-hub.ts(315,22): error TS2802: Type 'Set<WebSocket>' can only be iterated through when using the '--downlevelIteration' flag or with a '--target' of 'es2015' or higher.
src/durable-objects/notification-hub.ts(365,27): error TS2802: Type 'MapIterator<NotificationSession>' can only be iterated through when using the '--downlevelIteration' flag or with a '--target' of 'es2015' or higher.
src/durable-objects/notification-hub.ts(430,24): error TS2802: Type 'Set<WebSocket>' can only be iterated through when using the '--downlevelIteration' flag or with a '--target' of 'es2015' or higher.
src/durable-objects/notification-hub.ts(482,33): error TS2802: Type 'Map<WebSocket, NotificationSession>' can only be iterated through when using the '--downlevelIteration' flag or with a '--target' of 'es2015' or higher.
src/durable-objects/notification-hub.ts(501,33): error TS2802: Type 'Map<WebSocket, NotificationSession>' can only be iterated through when using the '--downlevelIteration' flag or with a '--target' of 'es2015' or higher.
src/durable-objects/notification-hub.ts(581,33): error TS2802: Type 'Map<WebSocket, NotificationSession>' can only be iterated through when using the '--downlevelIteration' flag or with a '--target' of 'es2015' or higher.
src/durable-objects/websocket-room.ts(52,22): error TS2802: Type 'MapIterator<WebSocket>' can only be iterated through when using the '--downlevelIteration' flag or with a '--target' of 'es2015' or higher.
src/handlers/follows-enhanced.ts(2,8): error TS1259: Module '"/home/supremeisbeing/pitcheymovie/pitchey_v0.2/node_modules/postgres/types/index"' can only be default-imported using the 'esModuleInterop' flag
src/handlers/legal-document-automation.ts(311,9): error TS2322: Type '{ email?: string; id?: string; type?: "creator" | "investor" | "production_company" | "individual" | "legal_entity"; name?: string; title?: string; address?: string; company?: string; }[]' is not assignable to type '{ id: string; name: string; type: "creator" | "investor" | "production_company" | "individual"; email?: string; address?: string; }[]'.
  Type '{ email?: string; id?: string; type?: "creator" | "investor" | "production_company" | "individual" | "legal_entity"; name?: string; title?: string; address?: string; company?: string; }' is not assignable to type '{ id: string; name: string; type: "creator" | "investor" | "production_company" | "individual"; email?: string; address?: string; }'.
    Property 'id' is optional in type '{ email?: string; id?: string; type?: "creator" | "investor" | "production_company" | "individual" | "legal_entity"; name?: string; title?: string; address?: string; company?: string; }' but required in type '{ id: string; name: string; type: "creator" | "investor" | "production_company" | "individual"; email?: string; address?: string; }'.
src/handlers/legal-document-automation.ts(451,69): error TS2304: Cannot find name 'htmlContent'.
src/handlers/legal-document-automation.ts(839,9): error TS2353: Object literal may only specify known properties, and 'format' does not exist in type '{ title?: string; author?: string; subject?: string; creator?: string; producer?: string; creationDate?: Date; modificationDate?: Date; }'.
src/handlers/legal-document-automation.ts(847,41): error TS2339: Property 'r2Service' does not exist on type 'LegalDocumentHandler'.
src/handlers/legal-document-automation.ts(956,31): error TS2339: Property 'checkCompliance' does not exist on type 'typeof LegalDocumentEngine'.
src/handlers/legal-document-automation.ts(997,9): error TS2345: Argument of type 'unknown' is not assignable to parameter of type 'string'.
src/handlers/legal-document-automation.ts(1037,9): error TS2345: Argument of type 'unknown' is not assignable to parameter of type 'string'.
src/handlers/legal-document-automation.ts(1074,9): error TS2345: Argument of type 'unknown' is not assignable to parameter of type 'string'.
src/handlers/legal-document-automation.ts(1111,28): error TS2495: Type 'unknown' is not an array type or a string type.
src/handlers/legal-document-automation.ts(1140,44): error TS2339: Property 'length' does not exist on type 'unknown'.
src/handlers/nda.ts(171,7): error TS2322: Type 'unknown' is not assignable to type 'string'.
src/handlers/nda.ts(172,7): error TS2322: Type 'unknown' is not assignable to type 'string'.
src/handlers/nda.ts(173,7): error TS2322: Type 'unknown' is not assignable to type '"custom" | "standard" | "mutual"'.
src/handlers/nda.ts(174,7): error TS2322: Type 'unknown' is not assignable to type 'string'.
src/handlers/nda.ts(220,69): error TS2345: Argument of type 'unknown' is not assignable to parameter of type 'string'.
src/handlers/nda.ts(271,68): error TS2345: Argument of type 'unknown' is not assignable to parameter of type 'string'.
src/handlers/notification-routes.ts(112,67): error TS2345: Argument of type '{ userId: any; expiresAt: Date; message?: string; priority?: "low" | "medium" | "high" | "critical"; type?: "email" | "push" | "sms" | "in_app"; title?: string; category?: "system" | "investment" | "project" | "analytics" | "market"; ... 7 more ...; htmlContent?: string; }' is not assignable to parameter of type 'NotificationInput'.
  Types of property 'type' are incompatible.
    Type '"email" | "push" | "sms" | "in_app"' is not assignable to type '"message" | "system" | "nda_request" | "investment" | "nda_approval" | "nda_rejection" | "nda_expiration" | "nda_reminder" | "pitch_update" | "marketing"'.
      Type '"email"' is not assignable to type '"message" | "system" | "nda_request" | "investment" | "nda_approval" | "nda_rejection" | "nda_expiration" | "nda_reminder" | "pitch_update" | "marketing"'.
src/handlers/notification-routes.ts(146,9): error TS2353: Object literal may only specify known properties, and 'page' does not exist in type '{ limit?: number; offset?: number; includeRead?: boolean; type?: string; }'.
src/handlers/notification-routes.ts(162,29): error TS2339: Property 'unreadCount' does not exist on type '{ notifications: NotificationRow[]; total: number; }'.
src/handlers/notification-routes.ts(186,46): error TS2345: Argument of type 'any[]' is not assignable to parameter of type 'number'.
src/handlers/notification-routes.ts(218,46): error TS2345: Argument of type 'any[]' is not assignable to parameter of type 'number'.
src/handlers/notification-routes.ts(273,93): error TS2345: Argument of type '{ timezone?: string; digestFrequency?: "instant" | "daily" | "weekly" | "monthly"; quietHoursStart?: string; quietHoursEnd?: string; emailEnabled?: boolean; pushEnabled?: boolean; inAppEnabled?: boolean; ... 5 more ...; marketIntelligence?: { ...; }; }' is not assignable to parameter of type 'Partial<NotificationPreferences>'.
  Types of property 'digestFrequency' are incompatible.
    Type '"instant" | "daily" | "weekly" | "monthly"' is not assignable to type '"never" | "instant" | "daily" | "weekly" | "hourly"'.
      Type '"monthly"' is not assignable to type '"never" | "instant" | "daily" | "weekly" | "hourly"'.
src/handlers/notification-routes.ts(473,35): error TS2551: Property 'sendDigestNotifications' does not exist on type 'NotificationService'. Did you mean 'sendNotification'?
src/handlers/notification-routes.ts(546,50): error TS2339: Property 'processUnsubscribe' does not exist on type 'NotificationService'.
src/handlers/notification-routes.ts(613,35): error TS2339: Property 'deleteNotification' does not exist on type 'NotificationService'.
src/handlers/notification-routes.ts(639,51): error TS2551: Property 'sendBulkNotifications' does not exist on type 'NotificationService'. Did you mean 'sendNotification'?
src/handlers/notification-routes.ts(679,27): error TS2339: Property 'testPush' does not exist on type 'PushNotificationService'.
src/handlers/notification-routes.ts(703,52): error TS2339: Property 'createTemplate' does not exist on type 'NotificationService'.
src/handlers/notification-routes.ts(729,52): error TS2339: Property 'updateTemplate' does not exist on type 'NotificationService'.
src/handlers/notification-routes.ts(754,35): error TS2339: Property 'deleteTemplate' does not exist on type 'NotificationService'.
src/handlers/notification-routes.ts(777,49): error TS2339: Property 'createUnsubscribeToken' does not exist on type 'NotificationService'.
src/handlers/notification-routes.ts(801,51): error TS2339: Property 'getBatches' does not exist on type 'NotificationService'.
src/handlers/notification-routes.ts(824,51): error TS2339: Property 'processBatches' does not exist on type 'NotificationService'.
src/handlers/notification-routes.ts(848,40): error TS2339: Property 'analytics' does not exist on type '{ notification: NotificationService; emailTemplate: EmailTemplateService; push: PushNotificationService; intelligent: IntelligentNotificationService; }'.
src/handlers/notification-routes.ts(871,40): error TS2339: Property 'analytics' does not exist on type '{ notification: NotificationService; emailTemplate: EmailTemplateService; push: PushNotificationService; intelligent: IntelligentNotificationService; }'.
src/handlers/notification-routes.ts(894,40): error TS2339: Property 'analytics' does not exist on type '{ notification: NotificationService; emailTemplate: EmailTemplateService; push: PushNotificationService; intelligent: IntelligentNotificationService; }'.
src/handlers/notification-routes.ts(913,22): error TS2339: Property 'analytics' does not exist on type '{ notification: NotificationService; emailTemplate: EmailTemplateService; push: PushNotificationService; intelligent: IntelligentNotificationService; }'.
src/handlers/notification-routes.ts(936,36): error TS2339: Property 'abTesting' does not exist on type '{ notification: NotificationService; emailTemplate: EmailTemplateService; push: PushNotificationService; intelligent: IntelligentNotificationService; }'.
src/handlers/notification-routes.ts(960,35): error TS2339: Property 'abTesting' does not exist on type '{ notification: NotificationService; emailTemplate: EmailTemplateService; push: PushNotificationService; intelligent: IntelligentNotificationService; }'.
src/handlers/notification-routes.ts(986,35): error TS2339: Property 'abTesting' does not exist on type '{ notification: NotificationService; emailTemplate: EmailTemplateService; push: PushNotificationService; intelligent: IntelligentNotificationService; }'.
src/handlers/notification-routes.ts(1011,38): error TS2339: Property 'abTesting' does not exist on type '{ notification: NotificationService; emailTemplate: EmailTemplateService; push: PushNotificationService; intelligent: IntelligentNotificationService; }'.
src/handlers/pitch-validation.ts(29,11): error TS2739: Type 'Record<string, unknown>' is missing the following properties from type 'ValidationAnalysisRequest': pitchData, options
src/handlers/pitch-validation.ts(411,11): error TS2739: Type 'Record<string, unknown>' is missing the following properties from type 'BenchmarkRequest': pitchId, categories, comparison_pool
src/handlers/production-dashboard.ts(162,7): error TS2322: Type 'Record<string, any>[] | { total_talent: number; available: number; contracted: number; avg_rating: number; }[]' is not assignable to type '{ total_talent: number; available: number; contracted: number; avg_rating: number; }[]'.
  Type 'Record<string, any>[]' is not assignable to type '{ total_talent: number; available: number; contracted: number; avg_rating: number; }[]'.
    Type 'Record<string, any>' is missing the following properties from type '{ total_talent: number; available: number; contracted: number; avg_rating: number; }': total_talent, available, contracted, avg_rating
src/handlers/production-dashboard.ts(520,56): error TS2345: Argument of type 'unknown' is not assignable to parameter of type 'string'.
src/handlers/production-dashboard.ts(524,9): error TS2322: Type 'unknown' is not assignable to type 'string'.
src/handlers/secure-portal-endpoints.ts(44,3): error TS1241: Unable to resolve signature of method decorator when called as an expression.
  The runtime will invoke the decorator with 2 arguments, but the decorator expects 3.
src/handlers/secure-portal-endpoints.ts(44,4): error TS1270: Decorator function return type 'PropertyDescriptor' is not assignable to type 'void | ((request: Request<unknown, CfProperties<unknown>>) => Promise<Response>)'.
src/handlers/secure-portal-endpoints.ts(128,3): error TS1241: Unable to resolve signature of method decorator when called as an expression.
  The runtime will invoke the decorator with 2 arguments, but the decorator expects 3.
src/handlers/secure-portal-endpoints.ts(128,4): error TS1270: Decorator function return type 'PropertyDescriptor' is not assignable to type 'void | ((request: Request<unknown, CfProperties<unknown>>) => Promise<Response>)'.
src/handlers/secure-portal-endpoints.ts(136,3): error TS1241: Unable to resolve signature of method decorator when called as an expression.
  The runtime will invoke the decorator with 2 arguments, but the decorator expects 3.
src/handlers/secure-portal-endpoints.ts(136,4): error TS1270: Decorator function return type 'PropertyDescriptor' is not assignable to type 'void | ((request: Request<unknown, CfProperties<unknown>>) => Promise<Response>)'.
src/handlers/secure-portal-endpoints.ts(181,3): error TS1241: Unable to resolve signature of method decorator when called as an expression.
  The runtime will invoke the decorator with 2 arguments, but the decorator expects 3.
src/handlers/secure-portal-endpoints.ts(181,4): error TS1270: Decorator function return type 'PropertyDescriptor' is not assignable to type 'void | ((request: Request<unknown, CfProperties<unknown>>) => Promise<Response>)'.
src/handlers/secure-portal-endpoints.ts(193,3): error TS1241: Unable to resolve signature of method decorator when called as an expression.
  The runtime will invoke the decorator with 2 arguments, but the decorator expects 3.
src/handlers/secure-portal-endpoints.ts(193,4): error TS1270: Decorator function return type 'PropertyDescriptor' is not assignable to type 'void | ((request: Request<unknown, CfProperties<unknown>>) => Promise<Response>)'.
src/handlers/secure-portal-endpoints.ts(275,3): error TS1241: Unable to resolve signature of method decorator when called as an expression.
  The runtime will invoke the decorator with 2 arguments, but the decorator expects 3.
src/handlers/secure-portal-endpoints.ts(275,4): error TS1270: Decorator function return type 'PropertyDescriptor' is not assignable to type 'void | ((request: Request<unknown, CfProperties<unknown>>) => Promise<Response>)'.
src/handlers/secure-portal-endpoints.ts(297,3): error TS1241: Unable to resolve signature of method decorator when called as an expression.
  The runtime will invoke the decorator with 2 arguments, but the decorator expects 3.
src/handlers/secure-portal-endpoints.ts(297,4): error TS1270: Decorator function return type 'PropertyDescriptor' is not assignable to type 'void | ((request: Request<unknown, CfProperties<unknown>>) => Promise<Response>)'.
src/handlers/secure-portal-endpoints.ts(324,3): error TS1241: Unable to resolve signature of method decorator when called as an expression.
  The runtime will invoke the decorator with 2 arguments, but the decorator expects 3.
src/handlers/secure-portal-endpoints.ts(324,4): error TS1270: Decorator function return type 'PropertyDescriptor' is not assignable to type 'void | ((request: Request<unknown, CfProperties<unknown>>) => Promise<Response>)'.
src/handlers/secure-portal-endpoints.ts(332,3): error TS1241: Unable to resolve signature of method decorator when called as an expression.
  The runtime will invoke the decorator with 2 arguments, but the decorator expects 3.
src/handlers/secure-portal-endpoints.ts(332,4): error TS1270: Decorator function return type 'PropertyDescriptor' is not assignable to type 'void | ((request: Request<unknown, CfProperties<unknown>>) => Promise<Response>)'.
src/handlers/secure-portal-endpoints.ts(344,3): error TS1241: Unable to resolve signature of method decorator when called as an expression.
  The runtime will invoke the decorator with 2 arguments, but the decorator expects 3.
src/handlers/secure-portal-endpoints.ts(344,4): error TS1270: Decorator function return type 'PropertyDescriptor' is not assignable to type 'void | ((request: Request<unknown, CfProperties<unknown>>) => Promise<Response>)'.
src/handlers/secure-portal-endpoints.ts(427,3): error TS1241: Unable to resolve signature of method decorator when called as an expression.
  The runtime will invoke the decorator with 2 arguments, but the decorator expects 3.
src/handlers/secure-portal-endpoints.ts(427,4): error TS1270: Decorator function return type 'PropertyDescriptor' is not assignable to type 'void | ((request: Request<unknown, CfProperties<unknown>>) => Promise<Response>)'.
src/handlers/secure-portal-endpoints.ts(451,3): error TS1241: Unable to resolve signature of method decorator when called as an expression.
  The runtime will invoke the decorator with 2 arguments, but the decorator expects 3.
src/handlers/secure-portal-endpoints.ts(451,4): error TS1270: Decorator function return type 'PropertyDescriptor' is not assignable to type 'void | ((request: Request<unknown, CfProperties<unknown>>) => Promise<Response>)'.
src/handlers/secure-portal-endpoints.ts(468,7): error TS2322: Type 'string' is not assignable to type 'ProductionDealType'.
src/handlers/secure-portal-endpoints.ts(470,7): error TS2322: Type 'number' is not assignable to type 'string'.
src/handlers/secure-portal-endpoints.ts(480,3): error TS1241: Unable to resolve signature of method decorator when called as an expression.
  The runtime will invoke the decorator with 2 arguments, but the decorator expects 3.
src/handlers/secure-portal-endpoints.ts(480,4): error TS1270: Decorator function return type 'PropertyDescriptor' is not assignable to type 'void | ((request: Request<unknown, CfProperties<unknown>>) => Promise<Response>)'.
src/handlers/settings.ts(35,44): error TS2345: Argument of type 'RawSQLDatabase' is not assignable to parameter of type 'Sql<{}>'.
  Type 'RawSQLDatabase' is missing the following properties from type 'Sql<{}>': CLOSE, END, PostgresError, options, and 14 more.
src/handlers/settings.ts(39,56): error TS2345: Argument of type 'RawSQLDatabase' is not assignable to parameter of type 'Sql<{}>'.
  Type 'RawSQLDatabase' is missing the following properties from type 'Sql<{}>': CLOSE, END, PostgresError, options, and 14 more.
src/handlers/settings.ts(132,43): error TS2339: Property 'emailNotifications' does not exist on type 'unknown'.
src/handlers/settings.ts(133,42): error TS2339: Property 'pushNotifications' does not exist on type 'unknown'.
src/handlers/settings.ts(134,35): error TS2339: Property 'pitchViews' does not exist on type 'unknown'.
src/handlers/settings.ts(135,36): error TS2339: Property 'newMessages' does not exist on type 'unknown'.
src/handlers/settings.ts(136,39): error TS2339: Property 'projectUpdates' does not exist on type 'unknown'.
src/handlers/settings.ts(137,37): error TS2339: Property 'weeklyDigest' does not exist on type 'unknown'.
src/handlers/settings.ts(138,40): error TS2339: Property 'marketingEmails' does not exist on type 'unknown'.
src/handlers/settings.ts(144,36): error TS2339: Property 'profileVisibility' does not exist on type 'unknown'.
src/handlers/settings.ts(145,28): error TS2339: Property 'showEmail' does not exist on type 'unknown'.
src/handlers/settings.ts(146,28): error TS2339: Property 'showPhone' does not exist on type 'unknown'.
src/handlers/settings.ts(147,38): error TS2339: Property 'allowDirectMessages' does not exist on type 'unknown'.
src/handlers/settings.ts(148,37): error TS2339: Property 'allowPitchRequests' does not exist on type 'unknown'.
src/handlers/settings.ts(154,36): error TS2339: Property 'twoFactorEnabled' does not exist on type 'unknown'.
src/handlers/settings.ts(155,34): error TS2339: Property 'sessionTimeout' does not exist on type 'unknown'.
src/handlers/settings.ts(156,38): error TS2339: Property 'loginNotifications' does not exist on type 'unknown'.
src/handlers/settings.ts(161,20): error TS2341: Property 'sql' is private and only accessible within class 'RawSQLDatabase'.
src/handlers/settings.ts(162,54): error TS2345: Argument of type 'NeonQueryFunction<false, false>' is not assignable to parameter of type 'Sql<{}>'.
  Type 'NeonQueryFunction<false, false>' is missing the following properties from type 'Sql<{}>': CLOSE, END, PostgresError, options, and 13 more.
src/handlers/settings.ts(165,28): error TS2345: Argument of type 'NeonQueryFunction<false, false>' is not assignable to parameter of type 'Sql<{}>'.
  Type 'NeonQueryFunction<false, false>' is missing the following properties from type 'Sql<{}>': CLOSE, END, PostgresError, options, and 13 more.
src/handlers/settings.ts(225,20): error TS2341: Property 'sql' is private and only accessible within class 'RawSQLDatabase'.
src/handlers/settings.ts(226,44): error TS2345: Argument of type 'NeonQueryFunction<false, false>' is not assignable to parameter of type 'Sql<{}>'.
  Type 'NeonQueryFunction<false, false>' is missing the following properties from type 'Sql<{}>': CLOSE, END, PostgresError, options, and 13 more.
src/handlers/settings.ts(256,20): error TS2341: Property 'sql' is private and only accessible within class 'RawSQLDatabase'.
src/handlers/settings.ts(257,48): error TS2345: Argument of type 'NeonQueryFunction<false, false>' is not assignable to parameter of type 'Sql<{}>'.
  Type 'NeonQueryFunction<false, false>' is missing the following properties from type 'Sql<{}>': CLOSE, END, PostgresError, options, and 13 more.
src/handlers/settings.ts(297,20): error TS2341: Property 'sql' is private and only accessible within class 'RawSQLDatabase'.
src/handlers/settings.ts(298,43): error TS2345: Argument of type 'NeonQueryFunction<false, false>' is not assignable to parameter of type 'Sql<{}>'.
  Type 'NeonQueryFunction<false, false>' is missing the following properties from type 'Sql<{}>': CLOSE, END, PostgresError, options, and 13 more.
src/handlers/settings.ts(302,30): error TS2345: Argument of type 'NeonQueryFunction<false, false>' is not assignable to parameter of type 'Sql<{}>'.
  Type 'NeonQueryFunction<false, false>' is missing the following properties from type 'Sql<{}>': CLOSE, END, PostgresError, options, and 13 more.
src/handlers/settings.ts(343,20): error TS2341: Property 'sql' is private and only accessible within class 'RawSQLDatabase'.
src/handlers/settings.ts(344,44): error TS2345: Argument of type 'NeonQueryFunction<false, false>' is not assignable to parameter of type 'Sql<{}>'.
  Type 'NeonQueryFunction<false, false>' is missing the following properties from type 'Sql<{}>': CLOSE, END, PostgresError, options, and 13 more.
src/handlers/settings.ts(348,30): error TS2345: Argument of type 'NeonQueryFunction<false, false>' is not assignable to parameter of type 'Sql<{}>'.
  Type 'NeonQueryFunction<false, false>' is missing the following properties from type 'Sql<{}>': CLOSE, END, PostgresError, options, and 13 more.
src/handlers/settings.ts(400,20): error TS2341: Property 'sql' is private and only accessible within class 'RawSQLDatabase'.
src/handlers/settings.ts(403,28): error TS2345: Argument of type 'NeonQueryFunction<false, false>' is not assignable to parameter of type 'Sql<{}>'.
  Type 'NeonQueryFunction<false, false>' is missing the following properties from type 'Sql<{}>': CLOSE, END, PostgresError, options, and 13 more.
src/handlers/settings.ts(410,45): error TS2345: Argument of type 'NeonQueryFunction<false, false>' is not assignable to parameter of type 'Sql<{}>'.
  Type 'NeonQueryFunction<false, false>' is missing the following properties from type 'Sql<{}>': CLOSE, END, PostgresError, options, and 13 more.
src/handlers/settings.ts(447,20): error TS2341: Property 'sql' is private and only accessible within class 'RawSQLDatabase'.
src/handlers/settings.ts(450,42): error TS2345: Argument of type 'NeonQueryFunction<false, false>' is not assignable to parameter of type 'Sql<{}>'.
  Type 'NeonQueryFunction<false, false>' is missing the following properties from type 'Sql<{}>': CLOSE, END, PostgresError, options, and 13 more.
src/handlers/status-dashboard.ts(145,52): error TS2345: Argument of type 'unknown' is not assignable to parameter of type 'string'.
src/handlers/status-dashboard.ts(146,50): error TS2345: Argument of type 'unknown' is not assignable to parameter of type 'string'.
src/handlers/status-dashboard.ts(147,65): error TS2345: Argument of type 'unknown' is not assignable to parameter of type 'string'.
src/handlers/status-dashboard.ts(148,65): error TS2345: Argument of type 'unknown' is not assignable to parameter of type 'string'.
src/handlers/status-dashboard.ts(157,48): error TS2345: Argument of type 'unknown' is not assignable to parameter of type 'string'.
src/handlers/status-dashboard.ts(347,43): error TS2345: Argument of type 'unknown' is not assignable to parameter of type 'string'.
src/handlers/stub-endpoints.ts(38,39): error TS2345: Argument of type 'unknown' is not assignable to parameter of type 'string'.
src/handlers/stub-endpoints.ts(39,7): error TS2322: Type '{ source: string; type: unknown; }' is not assignable to type 'never'.
src/handlers/stub-endpoints.ts(43,7): error TS2322: Type 'Record<string, unknown>' is not assignable to type 'never'.
src/handlers/stub-endpoints.ts(76,39): error TS2345: Argument of type 'unknown' is not assignable to parameter of type 'string'.
src/handlers/stub-endpoints.ts(77,7): error TS2322: Type '{ source: string; severity: unknown; }' is not assignable to type 'never'.
src/handlers/stub-endpoints.ts(81,7): error TS2322: Type '{ stack: unknown; url: unknown; line: unknown; column: unknown; }' is not assignable to type 'never'.
src/handlers/teams.ts(192,7): error TS2322: Type 'unknown' is not assignable to type 'string'.
src/handlers/teams.ts(193,7): error TS2322: Type 'unknown' is not assignable to type 'string'.
src/handlers/teams.ts(195,7): error TS2322: Type 'unknown' is not assignable to type '"public" | "private" | "team"'.
src/handlers/teams.ts(431,9): error TS2322: Type 'unknown' is not assignable to type 'string'.
src/handlers/teams.ts(432,9): error TS2322: Type 'unknown' is not assignable to type '"viewer" | "editor"'.
src/handlers/teams.ts(433,9): error TS2322: Type 'unknown' is not assignable to type 'string'.
src/handlers/teams.ts(726,7): error TS2345: Argument of type 'unknown' is not assignable to parameter of type 'string'.
src/handlers/validated-endpoints.ts(28,3): error TS2322: Type '({ body, request, env }: { body?: { email?: string; userType?: "creator" | "investor" | "production"; password?: string; rememberMe?: boolean; }; query?: any; request: Request<unknown, CfProperties<unknown>>; env: any; }) => Promise<...>' is not assignable to type '(params: { body?: { email?: string; userType?: "creator" | "investor" | "production"; password?: string; rememberMe?: boolean; }; query?: any; request: Request<unknown, CfProperties<unknown>>; env: any; }) => Promise<...>'.
  Type 'Promise<{ id: number; email: string; name: string; userType: "creator" | "investor" | "production"; avatarUrl: any; bio: any; createdAt: string; updatedAt: string; verified: boolean; }>' is not assignable to type 'Promise<{ success?: true; meta?: Record<string, any>; data?: { email?: string; id?: number; name?: string; userType?: "creator" | "investor" | "production"; verified?: boolean; bio?: string; avatarUrl?: string; createdAt?: string; updatedAt?: string; }; }>'.
    Type '{ id: number; email: string; name: string; userType: "creator" | "investor" | "production"; avatarUrl: any; bio: any; createdAt: string; updatedAt: string; verified: boolean; }' has no properties in common with type '{ success?: true; meta?: Record<string, any>; data?: { email?: string; id?: number; name?: string; userType?: "creator" | "investor" | "production"; verified?: boolean; bio?: string; avatarUrl?: string; createdAt?: string; updatedAt?: string; }; }'.
src/handlers/validated-endpoints.ts(94,3): error TS2322: Type '({ body, request, env }: { body?: { format?: "Documentary" | "Film" | "Series" | "Mini-Series"; status?: "completed" | "draft" | "active" | "funded" | "in_production"; title?: string; logline?: string; synopsis?: string; genre?: "Action" | ... 7 more ... | "Animation"; budget?: number; tags?: string[]; attachments?:...' is not assignable to type '(params: { body?: { format?: "Documentary" | "Film" | "Series" | "Mini-Series"; status?: "completed" | "draft" | "active" | "funded" | "in_production"; title?: string; logline?: string; synopsis?: string; genre?: "Action" | ... 7 more ... | "Animation"; budget?: number; tags?: string[]; attachments?: { ...; }[]; }; ...'.
  Type 'Promise<{ id: number; title: string; logline: string; synopsis: string; genre: "Action" | "Comedy" | "Drama" | "Horror" | "Sci-Fi" | "Thriller" | "Romance" | "Documentary" | "Animation"; format: "Documentary" | ... 2 more ... | "Mini-Series"; ... 8 more ...; updatedAt: string; }>' is not assignable to type 'Promise<{ success?: true; meta?: Record<string, any>; data?: { id?: number; format?: "Documentary" | "Film" | "Series" | "Mini-Series"; creatorId?: number; status?: "completed" | "draft" | "active" | "funded" | "in_production"; ... 10 more ...; likeCount?: number; }; }>'.
    Type '{ id: number; title: string; logline: string; synopsis: string; genre: "Action" | "Comedy" | "Drama" | "Horror" | "Sci-Fi" | "Thriller" | "Romance" | "Documentary" | "Animation"; format: "Documentary" | ... 2 more ... | "Mini-Series"; ... 8 more ...; updatedAt: string; }' has no properties in common with type '{ success?: true; meta?: Record<string, any>; data?: { id?: number; format?: "Documentary" | "Film" | "Series" | "Mini-Series"; creatorId?: number; status?: "completed" | "draft" | "active" | "funded" | "in_production"; ... 10 more ...; likeCount?: number; }; }'.
src/handlers/validated-endpoints.ts(181,3): error TS2322: Type '({ body, request, env }: { body?: { pitchId?: number; requesterId?: number; ndaType?: "custom" | "basic" | "enhanced"; requestMessage?: string; companyInfo?: { name?: string; address?: string; registrationNumber?: string; }; customTerms?: string; }; query?: any; request: Request<...>; env: any; }) => Promise<...>' is not assignable to type '(params: { body?: { pitchId?: number; requesterId?: number; ndaType?: "custom" | "basic" | "enhanced"; requestMessage?: string; companyInfo?: { name?: string; address?: string; registrationNumber?: string; }; customTerms?: string; }; query?: any; request: Request<...>; env: any; }) => Promise<...>'.
  Type 'Promise<{ id: number; pitchId: number; requesterId: number; creatorId: number; status: "pending"; ndaType: "custom" | "basic" | "enhanced"; signedAt: any; expiresAt: string; documentUrl: any; rejectionReason: any; createdAt: string; updatedAt: string; }>' is not assignable to type 'Promise<{ success?: true; meta?: Record<string, any>; data?: { id?: number; creatorId?: number; status?: "pending" | "approved" | "rejected" | "expired" | "revoked"; createdAt?: string; updatedAt?: string; ... 6 more ...; rejectionReason?: string; }; }>'.
    Type '{ id: number; pitchId: number; requesterId: number; creatorId: number; status: "pending"; ndaType: "custom" | "basic" | "enhanced"; signedAt: any; expiresAt: string; documentUrl: any; rejectionReason: any; createdAt: string; updatedAt: string; }' has no properties in common with type '{ success?: true; meta?: Record<string, any>; data?: { id?: number; creatorId?: number; status?: "pending" | "approved" | "rejected" | "expired" | "revoked"; createdAt?: string; updatedAt?: string; ... 6 more ...; rejectionReason?: string; }; }'.
src/handlers/views.ts(2,8): error TS1259: Module '"/home/supremeisbeing/pitcheymovie/pitchey_v0.2/node_modules/postgres/types/index"' can only be default-imported using the 'esModuleInterop' flag
src/middleware/contract-validator.ts(186,58): error TS2339: Property 'response' does not exist on type '{ valid: true; data: TBody; } | { valid: false; response: Response; }'.
  Property 'response' does not exist on type '{ valid: true; data: TBody; }'.
src/middleware/contract-validator.ts(193,60): error TS2339: Property 'response' does not exist on type '{ valid: true; data: TQuery; } | { valid: false; response: Response; }'.
  Property 'response' does not exist on type '{ valid: true; data: TQuery; }'.
src/middleware/free-tier-cache.ts(95,43): error TS2461: Type 'Headers' is not an array type.
src/services/container-orchestrator.ts(631,52): error TS2339: Property 'queue_name' does not exist on type 'unknown'.
src/services/email-template.service.ts(109,18): error TS2339: Property 'rows' does not exist on type 'any[]'.
src/services/email-template.service.ts(113,44): error TS2339: Property 'rows' does not exist on type 'any[]'.
src/services/email-template.service.ts(140,44): error TS2339: Property 'rows' does not exist on type 'any[]'.
src/services/email-template.service.ts(163,21): error TS2339: Property 'rows' does not exist on type 'any[]'.
src/services/email-template.service.ts(216,21): error TS2339: Property 'rows' does not exist on type 'any[]'.
src/services/email-template.service.ts(307,18): error TS2339: Property 'rows' does not exist on type 'any[]'.
src/services/email-template.service.ts(311,44): error TS2339: Property 'rows' does not exist on type 'any[]'.
src/services/email-template.service.ts(325,21): error TS2339: Property 'rows' does not exist on type 'any[]'.
src/services/email.service.ts(459,11): error TS2740: Type '{ welcome: { subject: string; html: string; text: string; }; ndaRequest: { subject: string; html: string; text: string; }; ndaApproval: { subject: string; html: string; text: string; }; ndaRejection: { subject: string; html: string; text: string; }; investmentConfirmation: { ...; }; newMessage: { ...; }; transaction...' is missing the following properties from type 'EmailTemplate': passwordReset, emailVerification, investmentUpdate, messageReply, and 20 more.
src/services/enhanced-upload-r2.ts(96,27): error TS2339: Property 'name' does not exist on type 'R2Bucket'.
src/services/enhanced-upload-r2.ts(349,38): error TS2339: Property 'uploadPart' does not exist on type 'R2Bucket'.
src/services/enhanced-upload-r2.ts(366,25): error TS2551: Property 'completeMultipartUpload' does not exist on type 'R2Bucket'. Did you mean 'createMultipartUpload'?
src/services/enhanced-upload-r2.ts(382,25): error TS2551: Property 'abortMultipartUpload' does not exist on type 'R2Bucket'. Did you mean 'createMultipartUpload'?
src/services/free-tier-monitor.ts(252,11): error TS2698: Spread types may only be created from object types.
src/services/messaging.service.ts(1451,24): error TS2802: Type 'Set<WebSocket>' can only be iterated through when using the '--downlevelIteration' flag or with a '--target' of 'es2015' or higher.
src/services/mfa.service.ts(124,48): error TS2802: Type 'Uint8Array<ArrayBuffer>' can only be iterated through when using the '--downlevelIteration' flag or with a '--target' of 'es2015' or higher.
src/services/mfa.service.ts(148,3): error TS2322: Type 'Promise<string>' is not assignable to type 'string'.
src/services/mfa.service.ts(155,41): error TS2769: No overload matches this call.
  Overload 1 of 2, '(format: "jwk", keyData: JsonWebKey, algorithm: AlgorithmIdentifier | RsaHashedImportParams | EcKeyImportParams | HmacImportParams | AesKeyAlgorithm, extractable: boolean, keyUsages: readonly KeyUsage[]): Promise<...>', gave the following error.
    Argument of type '"raw"' is not assignable to parameter of type '"jwk"'.
  Overload 2 of 2, '(format: "raw" | "pkcs8" | "spki", keyData: BufferSource, algorithm: AlgorithmIdentifier | RsaHashedImportParams | EcKeyImportParams | HmacImportParams | AesKeyAlgorithm, extractable: boolean, keyUsages: KeyUsage[]): Promise<...>', gave the following error.
    Argument of type 'Uint8Array<ArrayBufferLike>' is not assignable to parameter of type 'BufferSource'.
      Type 'Uint8Array<ArrayBufferLike>' is not assignable to type 'ArrayBufferView<ArrayBuffer>'.
        Types of property 'buffer' are incompatible.
          Type 'ArrayBufferLike' is not assignable to type 'ArrayBuffer'.
            Type 'SharedArrayBuffer' is not assignable to type 'ArrayBuffer'.
              Types of property '[Symbol.toStringTag]' are incompatible.
                Type '"SharedArrayBuffer"' is not assignable to type '"ArrayBuffer"'.
src/services/mfa.service.ts(163,65): error TS2345: Argument of type 'Uint8Array<ArrayBufferLike>' is not assignable to parameter of type 'BufferSource'.
  Type 'Uint8Array<ArrayBufferLike>' is not assignable to type 'ArrayBufferView<ArrayBuffer>'.
    Types of property 'buffer' are incompatible.
      Type 'ArrayBufferLike' is not assignable to type 'ArrayBuffer'.
        Type 'SharedArrayBuffer' is not assignable to type 'ArrayBuffer'.
          Types of property '[Symbol.toStringTag]' are incompatible.
            Type '"SharedArrayBuffer"' is not assignable to type '"ArrayBuffer"'.
src/services/mfa.service.ts(258,38): error TS2802: Type 'Uint8Array<ArrayBuffer>' can only be iterated through when using the '--downlevelIteration' flag or with a '--target' of 'es2015' or higher.
src/services/notification-integration.service.ts(32,32): error TS2554: Expected 4 arguments, but got 2.
src/services/notification-integration.service.ts(87,7): error TS2353: Object literal may only specify known properties, and 'contextType' does not exist in type 'NotificationData'.
src/services/notification-integration.service.ts(159,7): error TS2353: Object literal may only specify known properties, and 'contextType' does not exist in type 'NotificationData'.
src/services/notification-integration.service.ts(220,7): error TS2353: Object literal may only specify known properties, and 'contextType' does not exist in type 'NotificationData'.
src/services/notification-integration.service.ts(251,7): error TS2353: Object literal may only specify known properties, and 'contextType' does not exist in type 'NotificationData'.
src/services/notification-integration.service.ts(286,7): error TS2353: Object literal may only specify known properties, and 'contextType' does not exist in type 'NotificationData'.
src/services/notification-integration.service.ts(317,7): error TS2353: Object literal may only specify known properties, and 'contextType' does not exist in type 'NotificationData'.
src/services/notification-integration.service.ts(343,11): error TS2322: Type '{ userId: string; type: "system"; category: "system"; priority: "normal"; title: string; message: string; contextType: string; contextId: `${string}-${string}-${string}-${string}-${string}`; variables: { maintenance_date: string; start_time: string; end_time: string; duration: string; maintenance_details: string; };...' is not assignable to type 'NotificationData[]'.
  Type '{ userId: string; type: "system"; category: "system"; priority: "normal"; title: string; message: string; contextType: string; contextId: `${string}-${string}-${string}-${string}-${string}`; variables: { maintenance_date: string; start_time: string; end_time: string; duration: string; maintenance_details: string; }; }' is not assignable to type 'NotificationData'.
    Types of property 'userId' are incompatible.
      Type 'string' is not assignable to type 'number'.
src/services/notification-integration.service.ts(362,36): error TS2551: Property 'sendBulkNotifications' does not exist on type 'NotificationService'. Did you mean 'sendNotification'?
src/services/pitch-validation.service.ts(979,16): error TS2802: Type 'Set<string>' can only be iterated through when using the '--downlevelIteration' flag or with a '--target' of 'es2015' or higher.
src/services/polling-service.ts(34,39): error TS2339: Property 'timestamp' does not exist on type 'unknown'.
src/services/polling-service.ts(35,7): error TS2739: Type '{}' is missing the following properties from type 'PollResponse': timestamp, nextPollIn
src/services/polling-service.ts(39,41): error TS2339: Property 'getNotifications' does not exist on type 'WorkerDatabase'.
src/services/polling-service.ts(65,39): error TS2339: Property 'timestamp' does not exist on type 'unknown'.
src/services/polling-service.ts(66,7): error TS2739: Type '{}' is missing the following properties from type 'PollResponse': timestamp, nextPollIn
src/services/polling-service.ts(71,23): error TS2339: Property 'getConversationMessages' does not exist on type 'WorkerDatabase'.
src/services/polling-service.ts(72,23): error TS2339: Property 'getRecentMessages' does not exist on type 'WorkerDatabase'.
src/services/polling-service.ts(96,39): error TS2339: Property 'timestamp' does not exist on type 'unknown'.
src/services/polling-service.ts(97,7): error TS2739: Type '{}' is missing the following properties from type 'PollResponse': timestamp, nextPollIn
src/services/polling-service.ts(106,37): error TS2339: Property 'getTotalPitchViews' does not exist on type 'WorkerDatabase'.
src/services/polling-service.ts(107,38): error TS2339: Property 'getPendingNDACount' does not exist on type 'WorkerDatabase'.
src/services/polling-service.ts(108,35): error TS2339: Property 'getUnreadMessageCount' does not exist on type 'WorkerDatabase'.
src/services/polling-service.ts(113,39): error TS2339: Property 'getSavedPitchesCount' does not exist on type 'WorkerDatabase'.
src/services/polling-service.ts(114,38): error TS2339: Property 'getInvestmentCount' does not exist on type 'WorkerDatabase'.
src/services/polling-service.ts(115,43): error TS2339: Property 'getFollowingCount' does not exist on type 'WorkerDatabase'.
src/services/polling-service.ts(120,41): error TS2339: Property 'getActiveProjectsCount' does not exist on type 'WorkerDatabase'.
src/services/polling-service.ts(121,36): error TS2339: Property 'getActiveNDACount' does not exist on type 'WorkerDatabase'.
src/services/polling-service.ts(122,39): error TS2339: Property 'getPartnershipsCount' does not exist on type 'WorkerDatabase'.
src/services/polling-service.ts(190,38): error TS2345: Argument of type 'Request<unknown, CfProperties<unknown>>' is not assignable to parameter of type 'string'.
src/services/polling-service.ts(197,25): error TS2345: Argument of type 'Request<unknown, CfProperties<unknown>>' is not assignable to parameter of type 'string'.
src/services/security-fix.ts(56,40): error TS2802: Type 'Uint8Array<ArrayBuffer>' can only be iterated through when using the '--downlevelIteration' flag or with a '--target' of 'es2015' or higher.
src/services/trace-service.ts(6,26): error TS2307: Cannot find module '../types' or its corresponding type declarations.
src/services/trace-service.ts(575,7): error TS2322: Type '"pending"' is not assignable to type '"success" | "failure" | "denied"'.
src/services/worker-email.ts(67,23): error TS2339: Property 'message' does not exist on type 'unknown'.
src/services/worker-email.ts(73,18): error TS2339: Property 'id' does not exist on type 'unknown'.
src/services/worker-file-handler.ts(91,50): error TS2802: Type 'Uint8Array<ArrayBuffer>' can only be iterated through when using the '--downlevelIteration' flag or with a '--target' of 'es2015' or higher.
src/services/worker-rate-limiter.ts(192,32): error TS2802: Type 'MapIterator<[string, RateLimitEntry]>' can only be iterated through when using the '--downlevelIteration' flag or with a '--target' of 'es2015' or higher.
src/services/worker-rate-limiter.ts(228,25): error TS2802: Type 'MapIterator<RateLimitEntry>' can only be iterated through when using the '--downlevelIteration' flag or with a '--target' of 'es2015' or higher.
src/services/worker-realtime.service.ts(411,29): error TS2802: Type 'Set<string>' can only be iterated through when using the '--downlevelIteration' flag or with a '--target' of 'es2015' or higher.
src/services/worker-realtime.service.ts(497,18): error TS2339: Property 'rows' does not exist on type 'DatabaseRow[]'.
src/services/worker-realtime.service.ts(497,33): error TS2339: Property 'rows' does not exist on type 'DatabaseRow[]'.
src/services/worker-realtime.service.ts(498,34): error TS2339: Property 'rows' does not exist on type 'DatabaseRow[]'.
src/services/worker-realtime.service.ts(513,63): error TS2339: Property 'READY_STATE_OPEN' does not exist on type '{ new (url: string | URL, protocols?: string | string[]): WebSocket; prototype: WebSocket; readonly CONNECTING: 0; readonly OPEN: 1; readonly CLOSING: 2; readonly CLOSED: 3; }'.
src/services/worker-realtime.service.ts(532,28): error TS2802: Type 'Set<string>' can only be iterated through when using the '--downlevelIteration' flag or with a '--target' of 'es2015' or higher.
src/services/worker-realtime.service.ts(599,29): error TS2802: Type 'Set<string>' can only be iterated through when using the '--downlevelIteration' flag or with a '--target' of 'es2015' or higher.
src/services/worker-realtime.service.ts(634,39): error TS2802: Type 'Map<string, UserSession>' can only be iterated through when using the '--downlevelIteration' flag or with a '--target' of 'es2015' or higher.
src/services/worker-realtime.service.ts(689,26): error TS2802: Type 'MapIterator<string>' can only be iterated through when using the '--downlevelIteration' flag or with a '--target' of 'es2015' or higher.
src/services/worker-realtime.service.ts(704,37): error TS2802: Type 'Map<string, UserSession>' can only be iterated through when using the '--downlevelIteration' flag or with a '--target' of 'es2015' or higher.
src/shared/contracts.ts(302,34): error TS2339: Property 'partial' does not exist on type 'ZodType<T, ZodTypeDef, T>'.
src/utils/rate-limiter.ts(40,26): error TS2802: Type 'MapIterator<[string, { count: number; resetTime: number; }]>' can only be iterated through when using the '--downlevelIteration' flag or with a '--target' of 'es2015' or higher.
src/utils/worker-jwt.ts(36,30): error TS2802: Type 'Uint8Array<ArrayBuffer>' can only be iterated through when using the '--downlevelIteration' flag or with a '--target' of 'es2015' or higher.
src/worker-integrated.ts(1146,53): error TS2339: Property 'response' does not exist on type 'AuthCheckResult'.
  Property 'response' does not exist on type '{ authorized: true; user: UserRecord; }'.
src/worker-integrated.ts(2776,45): error TS2802: Type 'MapIterator<[string, Function]>' can only be iterated through when using the '--downlevelIteration' flag or with a '--target' of 'es2015' or higher.
src/worker-integrated.ts(3949,51): error TS2339: Property 'response' does not exist on type 'AuthCheckResult'.
  Property 'response' does not exist on type '{ authorized: true; user: UserRecord; }'.
src/worker-integrated.ts(4253,49): error TS2339: Property 'response' does not exist on type 'AuthCheckResult'.
  Property 'response' does not exist on type '{ authorized: true; user: UserRecord; }'.
src/worker-integrated.ts(4343,51): error TS2339: Property 'response' does not exist on type 'AuthCheckResult'.
  Property 'response' does not exist on type '{ authorized: true; user: UserRecord; }'.
src/worker-integrated.ts(4400,51): error TS2339: Property 'response' does not exist on type 'AuthCheckResult'.
  Property 'response' does not exist on type '{ authorized: true; user: UserRecord; }'.
src/worker-integrated.ts(4423,51): error TS2339: Property 'response' does not exist on type 'AuthCheckResult'.
  Property 'response' does not exist on type '{ authorized: true; user: UserRecord; }'.
src/worker-integrated.ts(4465,51): error TS2339: Property 'response' does not exist on type 'AuthCheckResult'.
  Property 'response' does not exist on type '{ authorized: true; user: UserRecord; }'.
src/worker-integrated.ts(4506,51): error TS2339: Property 'response' does not exist on type 'AuthCheckResult'.
  Property 'response' does not exist on type '{ authorized: true; user: UserRecord; }'.
src/worker-integrated.ts(4595,51): error TS2339: Property 'response' does not exist on type 'AuthCheckResult'.
  Property 'response' does not exist on type '{ authorized: true; user: UserRecord; }'.
src/worker-integrated.ts(4674,51): error TS2339: Property 'response' does not exist on type 'AuthCheckResult'.
  Property 'response' does not exist on type '{ authorized: true; user: UserRecord; }'.
src/worker-integrated.ts(4761,51): error TS2339: Property 'response' does not exist on type 'AuthCheckResult'.
  Property 'response' does not exist on type '{ authorized: true; user: UserRecord; }'.
src/worker-integrated.ts(4830,51): error TS2339: Property 'response' does not exist on type 'AuthCheckResult'.
  Property 'response' does not exist on type '{ authorized: true; user: UserRecord; }'.
src/worker-integrated.ts(4852,51): error TS2339: Property 'response' does not exist on type 'AuthCheckResult'.
  Property 'response' does not exist on type '{ authorized: true; user: UserRecord; }'.
src/worker-integrated.ts(4971,51): error TS2339: Property 'response' does not exist on type 'AuthCheckResult'.
  Property 'response' does not exist on type '{ authorized: true; user: UserRecord; }'.
src/worker-integrated.ts(5007,51): error TS2339: Property 'response' does not exist on type 'AuthCheckResult'.
  Property 'response' does not exist on type '{ authorized: true; user: UserRecord; }'.
src/worker-integrated.ts(5099,51): error TS2339: Property 'response' does not exist on type 'AuthCheckResult'.
  Property 'response' does not exist on type '{ authorized: true; user: UserRecord; }'.
src/worker-integrated.ts(5169,51): error TS2339: Property 'response' does not exist on type 'AuthCheckResult'.
  Property 'response' does not exist on type '{ authorized: true; user: UserRecord; }'.
src/worker-integrated.ts(5231,51): error TS2339: Property 'response' does not exist on type 'AuthCheckResult'.
  Property 'response' does not exist on type '{ authorized: true; user: UserRecord; }'.
src/worker-integrated.ts(5264,51): error TS2339: Property 'response' does not exist on type 'AuthCheckResult'.
  Property 'response' does not exist on type '{ authorized: true; user: UserRecord; }'.
src/worker-integrated.ts(5315,51): error TS2339: Property 'response' does not exist on type 'AuthCheckResult'.
  Property 'response' does not exist on type '{ authorized: true; user: UserRecord; }'.
src/worker-integrated.ts(5383,51): error TS2339: Property 'response' does not exist on type 'AuthCheckResult'.
  Property 'response' does not exist on type '{ authorized: true; user: UserRecord; }'.
src/worker-integrated.ts(5407,51): error TS2339: Property 'response' does not exist on type 'AuthCheckResult'.
  Property 'response' does not exist on type '{ authorized: true; user: UserRecord; }'.
src/worker-integrated.ts(5433,51): error TS2339: Property 'response' does not exist on type 'AuthCheckResult'.
  Property 'response' does not exist on type '{ authorized: true; user: UserRecord; }'.
src/worker-integrated.ts(5459,51): error TS2339: Property 'response' does not exist on type 'AuthCheckResult'.
  Property 'response' does not exist on type '{ authorized: true; user: UserRecord; }'.
src/worker-integrated.ts(5494,51): error TS2339: Property 'response' does not exist on type 'AuthCheckResult'.
  Property 'response' does not exist on type '{ authorized: true; user: UserRecord; }'.
src/worker-integrated.ts(5536,51): error TS2339: Property 'response' does not exist on type 'AuthCheckResult'.
  Property 'response' does not exist on type '{ authorized: true; user: UserRecord; }'.
src/worker-integrated.ts(5564,51): error TS2339: Property 'response' does not exist on type 'AuthCheckResult'.
  Property 'response' does not exist on type '{ authorized: true; user: UserRecord; }'.
src/worker-integrated.ts(5758,51): error TS2339: Property 'response' does not exist on type 'AuthCheckResult'.
  Property 'response' does not exist on type '{ authorized: true; user: UserRecord; }'.
src/worker-integrated.ts(5832,51): error TS2339: Property 'response' does not exist on type 'AuthCheckResult'.
  Property 'response' does not exist on type '{ authorized: true; user: UserRecord; }'.
src/worker-integrated.ts(5892,51): error TS2339: Property 'response' does not exist on type 'AuthCheckResult'.
  Property 'response' does not exist on type '{ authorized: true; user: UserRecord; }'.
src/worker-integrated.ts(5991,51): error TS2339: Property 'response' does not exist on type 'AuthCheckResult'.
  Property 'response' does not exist on type '{ authorized: true; user: UserRecord; }'.
src/worker-integrated.ts(6044,51): error TS2339: Property 'response' does not exist on type 'AuthCheckResult'.
  Property 'response' does not exist on type '{ authorized: true; user: UserRecord; }'.
src/worker-integrated.ts(6542,51): error TS2339: Property 'response' does not exist on type 'AuthCheckResult'.
  Property 'response' does not exist on type '{ authorized: true; user: UserRecord; }'.
src/worker-integrated.ts(6588,51): error TS2339: Property 'response' does not exist on type 'AuthCheckResult'.
  Property 'response' does not exist on type '{ authorized: true; user: UserRecord; }'.
src/worker-integrated.ts(6632,51): error TS2339: Property 'response' does not exist on type 'AuthCheckResult'.
  Property 'response' does not exist on type '{ authorized: true; user: UserRecord; }'.
src/worker-integrated.ts(7012,51): error TS2339: Property 'response' does not exist on type 'AuthCheckResult'.
  Property 'response' does not exist on type '{ authorized: true; user: UserRecord; }'.
src/worker-integrated.ts(7487,51): error TS2339: Property 'response' does not exist on type 'AuthCheckResult'.
  Property 'response' does not exist on type '{ authorized: true; user: UserRecord; }'.
src/worker-integrated.ts(7510,51): error TS2339: Property 'response' does not exist on type 'AuthCheckResult'.
  Property 'response' does not exist on type '{ authorized: true; user: UserRecord; }'.
src/worker-integrated.ts(7548,51): error TS2339: Property 'response' does not exist on type 'AuthCheckResult'.
  Property 'response' does not exist on type '{ authorized: true; user: UserRecord; }'.
src/worker-integrated.ts(7587,51): error TS2339: Property 'response' does not exist on type 'AuthCheckResult'.
  Property 'response' does not exist on type '{ authorized: true; user: UserRecord; }'.
src/worker-integrated.ts(7627,51): error TS2339: Property 'response' does not exist on type 'AuthCheckResult'.
  Property 'response' does not exist on type '{ authorized: true; user: UserRecord; }'.
src/worker-integrated.ts(7648,51): error TS2339: Property 'response' does not exist on type 'AuthCheckResult'.
  Property 'response' does not exist on type '{ authorized: true; user: UserRecord; }'.
src/worker-integrated.ts(7675,51): error TS2339: Property 'response' does not exist on type 'AuthCheckResult'.
  Property 'response' does not exist on type '{ authorized: true; user: UserRecord; }'.
src/worker-integrated.ts(7701,51): error TS2339: Property 'response' does not exist on type 'AuthCheckResult'.
  Property 'response' does not exist on type '{ authorized: true; user: UserRecord; }'.
src/worker-integrated.ts(7730,51): error TS2339: Property 'response' does not exist on type 'AuthCheckResult'.
  Property 'response' does not exist on type '{ authorized: true; user: UserRecord; }'.
src/worker-integrated.ts(7758,51): error TS2339: Property 'response' does not exist on type 'AuthCheckResult'.
  Property 'response' does not exist on type '{ authorized: true; user: UserRecord; }'.
src/worker-integrated.ts(7791,51): error TS2339: Property 'response' does not exist on type 'AuthCheckResult'.
  Property 'response' does not exist on type '{ authorized: true; user: UserRecord; }'.
src/worker-integrated.ts(7836,51): error TS2339: Property 'response' does not exist on type 'AuthCheckResult'.
  Property 'response' does not exist on type '{ authorized: true; user: UserRecord; }'.
src/worker-integrated.ts(7863,51): error TS2339: Property 'response' does not exist on type 'AuthCheckResult'.
  Property 'response' does not exist on type '{ authorized: true; user: UserRecord; }'.
src/worker-integrated.ts(7927,51): error TS2339: Property 'response' does not exist on type 'AuthCheckResult'.
  Property 'response' does not exist on type '{ authorized: true; user: UserRecord; }'.
src/worker-integrated.ts(7955,51): error TS2339: Property 'response' does not exist on type 'AuthCheckResult'.
  Property 'response' does not exist on type '{ authorized: true; user: UserRecord; }'.
src/worker-integrated.ts(7979,51): error TS2339: Property 'response' does not exist on type 'AuthCheckResult'.
  Property 'response' does not exist on type '{ authorized: true; user: UserRecord; }'.
src/worker-integrated.ts(8009,51): error TS2339: Property 'response' does not exist on type 'AuthCheckResult'.
  Property 'response' does not exist on type '{ authorized: true; user: UserRecord; }'.
src/worker-integrated.ts(8045,51): error TS2339: Property 'response' does not exist on type 'AuthCheckResult'.
  Property 'response' does not exist on type '{ authorized: true; user: UserRecord; }'.
src/worker-integrated.ts(8092,51): error TS2339: Property 'response' does not exist on type 'AuthCheckResult'.
  Property 'response' does not exist on type '{ authorized: true; user: UserRecord; }'.
src/worker-integrated.ts(8098,51): error TS2339: Property 'response' does not exist on type 'AuthCheckResult'.
  Property 'response' does not exist on type '{ authorized: true; user: UserRecord; }'.
src/worker-integrated.ts(8104,51): error TS2339: Property 'response' does not exist on type 'AuthCheckResult'.
  Property 'response' does not exist on type '{ authorized: true; user: UserRecord; }'.
src/worker-integrated.ts(8110,51): error TS2339: Property 'response' does not exist on type 'AuthCheckResult'.
  Property 'response' does not exist on type '{ authorized: true; user: UserRecord; }'.
src/worker-integrated.ts(8163,51): error TS2339: Property 'response' does not exist on type 'AuthCheckResult'.
  Property 'response' does not exist on type '{ authorized: true; user: UserRecord; }'.
src/worker-integrated.ts(8169,51): error TS2339: Property 'response' does not exist on type 'AuthCheckResult'.
  Property 'response' does not exist on type '{ authorized: true; user: UserRecord; }'.
src/worker-integrated.ts(8175,51): error TS2339: Property 'response' does not exist on type 'AuthCheckResult'.
  Property 'response' does not exist on type '{ authorized: true; user: UserRecord; }'.
src/worker-integrated.ts(8229,51): error TS2339: Property 'response' does not exist on type 'AuthCheckResult'.
  Property 'response' does not exist on type '{ authorized: true; user: UserRecord; }'.
src/worker-integrated.ts(8235,51): error TS2339: Property 'response' does not exist on type 'AuthCheckResult'.
  Property 'response' does not exist on type '{ authorized: true; user: UserRecord; }'.
src/worker-integrated.ts(8241,51): error TS2339: Property 'response' does not exist on type 'AuthCheckResult'.
  Property 'response' does not exist on type '{ authorized: true; user: UserRecord; }'.
src/worker-integrated.ts(8274,51): error TS2339: Property 'response' does not exist on type 'AuthCheckResult'.
  Property 'response' does not exist on type '{ authorized: true; user: UserRecord; }'.
src/worker-integrated.ts(8296,51): error TS2339: Property 'response' does not exist on type 'AuthCheckResult'.
  Property 'response' does not exist on type '{ authorized: true; user: UserRecord; }'.
src/worker-integrated.ts(8381,51): error TS2339: Property 'response' does not exist on type 'AuthCheckResult'.
  Property 'response' does not exist on type '{ authorized: true; user: UserRecord; }'.
src/worker-integrated.ts(8420,51): error TS2339: Property 'response' does not exist on type 'AuthCheckResult'.
  Property 'response' does not exist on type '{ authorized: true; user: UserRecord; }'.
src/worker-integrated.ts(8426,51): error TS2339: Property 'response' does not exist on type 'AuthCheckResult'.
  Property 'response' does not exist on type '{ authorized: true; user: UserRecord; }'.
src/worker-integrated.ts(8432,51): error TS2339: Property 'response' does not exist on type 'AuthCheckResult'.
  Property 'response' does not exist on type '{ authorized: true; user: UserRecord; }'.
src/worker-integrated.ts(8535,51): error TS2339: Property 'response' does not exist on type 'AuthCheckResult'.
  Property 'response' does not exist on type '{ authorized: true; user: UserRecord; }'.
src/worker-integrated.ts(8558,51): error TS2339: Property 'response' does not exist on type 'AuthCheckResult'.
  Property 'response' does not exist on type '{ authorized: true; user: UserRecord; }'.
src/worker-integrated.ts(8594,51): error TS2339: Property 'response' does not exist on type 'AuthCheckResult'.
  Property 'response' does not exist on type '{ authorized: true; user: UserRecord; }'.
src/worker-integrated.ts(8683,51): error TS2339: Property 'response' does not exist on type 'AuthCheckResult'.
  Property 'response' does not exist on type '{ authorized: true; user: UserRecord; }'.
src/worker-integrated.ts(8703,51): error TS2339: Property 'response' does not exist on type 'AuthCheckResult'.
  Property 'response' does not exist on type '{ authorized: true; user: UserRecord; }'.
src/worker-integrated.ts(8743,51): error TS2339: Property 'response' does not exist on type 'AuthCheckResult'.
  Property 'response' does not exist on type '{ authorized: true; user: UserRecord; }'.
src/worker-integrated.ts(8856,51): error TS2339: Property 'response' does not exist on type 'AuthCheckResult'.
  Property 'response' does not exist on type '{ authorized: true; user: UserRecord; }'.
src/worker-integrated.ts(8891,53): error TS2339: Property 'response' does not exist on type 'AuthCheckResult'.
  Property 'response' does not exist on type '{ authorized: true; user: UserRecord; }'.
src/worker-integrated.ts(8905,53): error TS2339: Property 'response' does not exist on type 'AuthCheckResult'.
  Property 'response' does not exist on type '{ authorized: true; user: UserRecord; }'.
src/worker-integrated.ts(8919,53): error TS2339: Property 'response' does not exist on type 'AuthCheckResult'.
  Property 'response' does not exist on type '{ authorized: true; user: UserRecord; }'.
src/worker-integrated.ts(8933,53): error TS2339: Property 'response' does not exist on type 'AuthCheckResult'.
  Property 'response' does not exist on type '{ authorized: true; user: UserRecord; }'.
src/worker-integrated.ts(8947,53): error TS2339: Property 'response' does not exist on type 'AuthCheckResult'.
  Property 'response' does not exist on type '{ authorized: true; user: UserRecord; }'.
src/worker-integrated.ts(8961,53): error TS2339: Property 'response' does not exist on type 'AuthCheckResult'.
  Property 'response' does not exist on type '{ authorized: true; user: UserRecord; }'.
src/worker-integrated.ts(8975,53): error TS2339: Property 'response' does not exist on type 'AuthCheckResult'.
  Property 'response' does not exist on type '{ authorized: true; user: UserRecord; }'.
src/worker-integrated.ts(8989,53): error TS2339: Property 'response' does not exist on type 'AuthCheckResult'.
  Property 'response' does not exist on type '{ authorized: true; user: UserRecord; }'.
src/worker-integrated.ts(9003,53): error TS2339: Property 'response' does not exist on type 'AuthCheckResult'.
  Property 'response' does not exist on type '{ authorized: true; user: UserRecord; }'.
src/worker-integrated.ts(9017,53): error TS2339: Property 'response' does not exist on type 'AuthCheckResult'.
  Property 'response' does not exist on type '{ authorized: true; user: UserRecord; }'.
src/worker-integrated.ts(9031,53): error TS2339: Property 'response' does not exist on type 'AuthCheckResult'.
  Property 'response' does not exist on type '{ authorized: true; user: UserRecord; }'.
src/worker-integrated.ts(9045,53): error TS2339: Property 'response' does not exist on type 'AuthCheckResult'.
  Property 'response' does not exist on type '{ authorized: true; user: UserRecord; }'.
src/worker-integrated.ts(9059,53): error TS2339: Property 'response' does not exist on type 'AuthCheckResult'.
  Property 'response' does not exist on type '{ authorized: true; user: UserRecord; }'.
src/worker-integrated.ts(9073,53): error TS2339: Property 'response' does not exist on type 'AuthCheckResult'.
  Property 'response' does not exist on type '{ authorized: true; user: UserRecord; }'.
src/worker-integrated.ts(9368,53): error TS2339: Property 'response' does not exist on type 'AuthCheckResult'.
  Property 'response' does not exist on type '{ authorized: true; user: UserRecord; }'.
src/worker-integrated.ts(9382,53): error TS2339: Property 'response' does not exist on type 'AuthCheckResult'.
  Property 'response' does not exist on type '{ authorized: true; user: UserRecord; }'.
src/worker-integrated.ts(9396,53): error TS2339: Property 'response' does not exist on type 'AuthCheckResult'.
  Property 'response' does not exist on type '{ authorized: true; user: UserRecord; }'.
src/worker-integrated.ts(9410,53): error TS2339: Property 'response' does not exist on type 'AuthCheckResult'.
  Property 'response' does not exist on type '{ authorized: true; user: UserRecord; }'.
src/worker-integrated.ts(9424,53): error TS2339: Property 'response' does not exist on type 'AuthCheckResult'.
  Property 'response' does not exist on type '{ authorized: true; user: UserRecord; }'.
src/worker-integrated.ts(9725,53): error TS2339: Property 'response' does not exist on type 'AuthCheckResult'.
  Property 'response' does not exist on type '{ authorized: true; user: UserRecord; }'.
src/worker-integrated.ts(9796,53): error TS2339: Property 'response' does not exist on type 'AuthCheckResult'.
  Property 'response' does not exist on type '{ authorized: true; user: UserRecord; }'.
src/worker-integrated.ts(9995,53): error TS2339: Property 'response' does not exist on type 'AuthCheckResult'.
  Property 'response' does not exist on type '{ authorized: true; user: UserRecord; }'.
src/worker-integrated.ts(10074,53): error TS2339: Property 'response' does not exist on type 'AuthCheckResult'.
  Property 'response' does not exist on type '{ authorized: true; user: UserRecord; }'.
src/worker-integrated.ts(10185,53): error TS2339: Property 'response' does not exist on type 'AuthCheckResult'.
  Property 'response' does not exist on type '{ authorized: true; user: UserRecord; }'.
src/worker-integrated.ts(10239,53): error TS2339: Property 'response' does not exist on type 'AuthCheckResult'.
  Property 'response' does not exist on type '{ authorized: true; user: UserRecord; }'.
src/worker-integrated.ts(10296,53): error TS2339: Property 'response' does not exist on type 'AuthCheckResult'.
  Property 'response' does not exist on type '{ authorized: true; user: UserRecord; }'.
src/worker-integrated.ts(10360,53): error TS2339: Property 'response' does not exist on type 'AuthCheckResult'.
  Property 'response' does not exist on type '{ authorized: true; user: UserRecord; }'.
src/worker-integrated.ts(10386,53): error TS2339: Property 'response' does not exist on type 'AuthCheckResult'.
  Property 'response' does not exist on type '{ authorized: true; user: UserRecord; }'.
src/worker-integrated.ts(10412,53): error TS2339: Property 'response' does not exist on type 'AuthCheckResult'.
  Property 'response' does not exist on type '{ authorized: true; user: UserRecord; }'.
src/worker-integrated.ts(10466,53): error TS2339: Property 'response' does not exist on type 'AuthCheckResult'.
  Property 'response' does not exist on type '{ authorized: true; user: UserRecord; }'.
src/worker-integrated.ts(10528,53): error TS2339: Property 'response' does not exist on type 'AuthCheckResult'.
  Property 'response' does not exist on type '{ authorized: true; user: UserRecord; }'.
src/worker-integrated.ts(10562,53): error TS2339: Property 'response' does not exist on type 'AuthCheckResult'.
  Property 'response' does not exist on type '{ authorized: true; user: UserRecord; }'.
src/worker-integrated.ts(10658,53): error TS2339: Property 'response' does not exist on type 'AuthCheckResult'.
  Property 'response' does not exist on type '{ authorized: true; user: UserRecord; }'.
src/worker-integrated.ts(10688,53): error TS2339: Property 'response' does not exist on type 'AuthCheckResult'.
  Property 'response' does not exist on type '{ authorized: true; user: UserRecord; }'.
src/worker-integrated.ts(10811,53): error TS2339: Property 'response' does not exist on type 'AuthCheckResult'.
  Property 'response' does not exist on type '{ authorized: true; user: UserRecord; }'.
src/worker-integrated.ts(10888,53): error TS2339: Property 'response' does not exist on type 'AuthCheckResult'.
  Property 'response' does not exist on type '{ authorized: true; user: UserRecord; }'.
src/worker-integrated.ts(10954,53): error TS2339: Property 'response' does not exist on type 'AuthCheckResult'.
  Property 'response' does not exist on type '{ authorized: true; user: UserRecord; }'.
src/worker-integrated.ts(10985,53): error TS2339: Property 'response' does not exist on type 'AuthCheckResult'.
  Property 'response' does not exist on type '{ authorized: true; user: UserRecord; }'.
src/worker-integrated.ts(11038,53): error TS2339: Property 'response' does not exist on type 'AuthCheckResult'.
  Property 'response' does not exist on type '{ authorized: true; user: UserRecord; }'.
src/worker-integrated.ts(11345,51): error TS2339: Property 'response' does not exist on type 'AuthCheckResult'.
  Property 'response' does not exist on type '{ authorized: true; user: UserRecord; }'.
src/worker-integrated.ts(11478,51): error TS2339: Property 'response' does not exist on type 'AuthCheckResult'.
  Property 'response' does not exist on type '{ authorized: true; user: UserRecord; }'.
src/worker-integrated.ts(11538,51): error TS2339: Property 'response' does not exist on type 'AuthCheckResult'.
  Property 'response' does not exist on type '{ authorized: true; user: UserRecord; }'.
src/worker-integrated.ts(11595,51): error TS2339: Property 'response' does not exist on type 'AuthCheckResult'.
  Property 'response' does not exist on type '{ authorized: true; user: UserRecord; }'.
src/worker-integrated.ts(11640,51): error TS2339: Property 'response' does not exist on type 'AuthCheckResult'.
  Property 'response' does not exist on type '{ authorized: true; user: UserRecord; }'.
src/worker-integrated.ts(11700,51): error TS2339: Property 'response' does not exist on type 'AuthCheckResult'.
  Property 'response' does not exist on type '{ authorized: true; user: UserRecord; }'.
src/worker-integrated.ts(11743,51): error TS2339: Property 'response' does not exist on type 'AuthCheckResult'.
  Property 'response' does not exist on type '{ authorized: true; user: UserRecord; }'.
src/worker-integrated.ts(11784,51): error TS2339: Property 'response' does not exist on type 'AuthCheckResult'.
  Property 'response' does not exist on type '{ authorized: true; user: UserRecord; }'.
src/worker-integrated.ts(11868,51): error TS2339: Property 'response' does not exist on type 'AuthCheckResult'.
  Property 'response' does not exist on type '{ authorized: true; user: UserRecord; }'.
src/worker-integrated.ts(11923,51): error TS2339: Property 'response' does not exist on type 'AuthCheckResult'.
  Property 'response' does not exist on type '{ authorized: true; user: UserRecord; }'.
src/worker-integrated.ts(11964,51): error TS2339: Property 'response' does not exist on type 'AuthCheckResult'.
  Property 'response' does not exist on type '{ authorized: true; user: UserRecord; }'.
src/worker-integrated.ts(11982,51): error TS2339: Property 'response' does not exist on type 'AuthCheckResult'.
  Property 'response' does not exist on type '{ authorized: true; user: UserRecord; }'.
src/worker-integrated.ts(12000,51): error TS2339: Property 'response' does not exist on type 'AuthCheckResult'.
  Property 'response' does not exist on type '{ authorized: true; user: UserRecord; }'.
src/worker-integrated.ts(12018,51): error TS2339: Property 'response' does not exist on type 'AuthCheckResult'.
  Property 'response' does not exist on type '{ authorized: true; user: UserRecord; }'.
src/worker-integrated.ts(12039,51): error TS2339: Property 'response' does not exist on type 'AuthCheckResult'.
  Property 'response' does not exist on type '{ authorized: true; user: UserRecord; }'.
src/worker-integrated.ts(12059,51): error TS2339: Property 'response' does not exist on type 'AuthCheckResult'.
  Property 'response' does not exist on type '{ authorized: true; user: UserRecord; }'.
src/worker-integrated.ts(12081,51): error TS2339: Property 'response' does not exist on type 'AuthCheckResult'.
  Property 'response' does not exist on type '{ authorized: true; user: UserRecord; }'.
src/worker-integrated.ts(12102,51): error TS2339: Property 'response' does not exist on type 'AuthCheckResult'.
  Property 'response' does not exist on type '{ authorized: true; user: UserRecord; }'.
src/worker-integrated.ts(12120,51): error TS2339: Property 'response' does not exist on type 'AuthCheckResult'.
  Property 'response' does not exist on type '{ authorized: true; user: UserRecord; }'.
src/worker-integrated.ts(12140,51): error TS2339: Property 'response' does not exist on type 'AuthCheckResult'.
  Property 'response' does not exist on type '{ authorized: true; user: UserRecord; }'.
src/worker-integrated.ts(12161,51): error TS2339: Property 'response' does not exist on type 'AuthCheckResult'.
  Property 'response' does not exist on type '{ authorized: true; user: UserRecord; }'.
src/worker-integrated.ts(12179,51): error TS2339: Property 'response' does not exist on type 'AuthCheckResult'.
  Property 'response' does not exist on type '{ authorized: true; user: UserRecord; }'.
src/worker-integrated.ts(12197,51): error TS2339: Property 'response' does not exist on type 'AuthCheckResult'.
  Property 'response' does not exist on type '{ authorized: true; user: UserRecord; }'.
src/worker-integrated.ts(12248,51): error TS2339: Property 'response' does not exist on type 'AuthCheckResult'.
  Property 'response' does not exist on type '{ authorized: true; user: UserRecord; }'.
src/worker-integrated.ts(12266,51): error TS2339: Property 'response' does not exist on type 'AuthCheckResult'.
  Property 'response' does not exist on type '{ authorized: true; user: UserRecord; }'.
src/worker-integrated.ts(12291,51): error TS2339: Property 'response' does not exist on type 'AuthCheckResult'.
  Property 'response' does not exist on type '{ authorized: true; user: UserRecord; }'.
src/worker-integrated.ts(12328,51): error TS2339: Property 'response' does not exist on type 'AuthCheckResult'.
  Property 'response' does not exist on type '{ authorized: true; user: UserRecord; }'.
src/worker-integrated.ts(12432,51): error TS2339: Property 'response' does not exist on type 'AuthCheckResult'.
  Property 'response' does not exist on type '{ authorized: true; user: UserRecord; }'.
src/worker-integrated.ts(12493,51): error TS2339: Property 'response' does not exist on type 'AuthCheckResult'.
  Property 'response' does not exist on type '{ authorized: true; user: UserRecord; }'.
src/worker-integrated.ts(12532,51): error TS2339: Property 'response' does not exist on type 'AuthCheckResult'.
  Property 'response' does not exist on type '{ authorized: true; user: UserRecord; }'.
src/worker-integrated.ts(12622,51): error TS2339: Property 'response' does not exist on type 'AuthCheckResult'.
  Property 'response' does not exist on type '{ authorized: true; user: UserRecord; }'.
src/worker-integrated.ts(12640,51): error TS2339: Property 'response' does not exist on type 'AuthCheckResult'.
  Property 'response' does not exist on type '{ authorized: true; user: UserRecord; }'.
src/worker-integrated.ts(12658,51): error TS2339: Property 'response' does not exist on type 'AuthCheckResult'.
  Property 'response' does not exist on type '{ authorized: true; user: UserRecord; }'.
src/worker-integrated.ts(12676,51): error TS2339: Property 'response' does not exist on type 'AuthCheckResult'.
  Property 'response' does not exist on type '{ authorized: true; user: UserRecord; }'.
src/worker-integrated.ts(12694,51): error TS2339: Property 'response' does not exist on type 'AuthCheckResult'.
  Property 'response' does not exist on type '{ authorized: true; user: UserRecord; }'.
src/worker-integrated.ts(12715,51): error TS2339: Property 'response' does not exist on type 'AuthCheckResult'.
  Property 'response' does not exist on type '{ authorized: true; user: UserRecord; }'.
src/worker-integrated.ts(12736,51): error TS2339: Property 'response' does not exist on type 'AuthCheckResult'.
  Property 'response' does not exist on type '{ authorized: true; user: UserRecord; }'.
src/worker-integrated.ts(12757,51): error TS2339: Property 'response' does not exist on type 'AuthCheckResult'.
  Property 'response' does not exist on type '{ authorized: true; user: UserRecord; }'.
src/worker-integrated.ts(12780,51): error TS2339: Property 'response' does not exist on type 'AuthCheckResult'.
  Property 'response' does not exist on type '{ authorized: true; user: UserRecord; }'.
src/worker-integrated.ts(12886,51): error TS2339: Property 'response' does not exist on type 'AuthCheckResult'.
  Property 'response' does not exist on type '{ authorized: true; user: UserRecord; }'.
src/worker-integrated.ts(12909,51): error TS2339: Property 'response' does not exist on type 'AuthCheckResult'.
  Property 'response' does not exist on type '{ authorized: true; user: UserRecord; }'.
src/worker-integrated.ts(12931,51): error TS2339: Property 'response' does not exist on type 'AuthCheckResult'.
  Property 'response' does not exist on type '{ authorized: true; user: UserRecord; }'.
src/worker-integrated.ts(12952,51): error TS2339: Property 'response' does not exist on type 'AuthCheckResult'.
  Property 'response' does not exist on type '{ authorized: true; user: UserRecord; }'.
src/worker-integrated.ts(12972,51): error TS2339: Property 'response' does not exist on type 'AuthCheckResult'.
  Property 'response' does not exist on type '{ authorized: true; user: UserRecord; }'.
src/worker-integrated.ts(12993,51): error TS2339: Property 'response' does not exist on type 'AuthCheckResult'.
  Property 'response' does not exist on type '{ authorized: true; user: UserRecord; }'.
src/worker-integrated.ts(13014,51): error TS2339: Property 'response' does not exist on type 'AuthCheckResult'.
  Property 'response' does not exist on type '{ authorized: true; user: UserRecord; }'.
src/worker-integrated.ts(13032,51): error TS2339: Property 'response' does not exist on type 'AuthCheckResult'.
  Property 'response' does not exist on type '{ authorized: true; user: UserRecord; }'.
src/worker-integrated.ts(13053,51): error TS2339: Property 'response' does not exist on type 'AuthCheckResult'.
  Property 'response' does not exist on type '{ authorized: true; user: UserRecord; }'.
src/worker-integrated.ts(13077,51): error TS2339: Property 'response' does not exist on type 'AuthCheckResult'.
  Property 'response' does not exist on type '{ authorized: true; user: UserRecord; }'.
src/worker-integrated.ts(13098,51): error TS2339: Property 'response' does not exist on type 'AuthCheckResult'.
  Property 'response' does not exist on type '{ authorized: true; user: UserRecord; }'.
src/worker-integrated.ts(13119,51): error TS2339: Property 'response' does not exist on type 'AuthCheckResult'.
  Property 'response' does not exist on type '{ authorized: true; user: UserRecord; }'.
src/worker-integrated.ts(13139,51): error TS2339: Property 'response' does not exist on type 'AuthCheckResult'.
  Property 'response' does not exist on type '{ authorized: true; user: UserRecord; }'.
src/worker-integrated.ts(13160,51): error TS2339: Property 'response' does not exist on type 'AuthCheckResult'.
  Property 'response' does not exist on type '{ authorized: true; user: UserRecord; }'.
src/worker-integrated.ts(13183,51): error TS2339: Property 'response' does not exist on type 'AuthCheckResult'.
  Property 'response' does not exist on type '{ authorized: true; user: UserRecord; }'.
src/worker-integrated.ts(13214,51): error TS2339: Property 'response' does not exist on type 'AuthCheckResult'.
  Property 'response' does not exist on type '{ authorized: true; user: UserRecord; }'.
src/worker-integrated.ts(13237,51): error TS2339: Property 'response' does not exist on type 'AuthCheckResult'.
  Property 'response' does not exist on type '{ authorized: true; user: UserRecord; }'.
src/worker-integrated.ts(13255,51): error TS2339: Property 'response' does not exist on type 'AuthCheckResult'.
  Property 'response' does not exist on type '{ authorized: true; user: UserRecord; }'.
src/worker-integrated.ts(13275,51): error TS2339: Property 'response' does not exist on type 'AuthCheckResult'.
  Property 'response' does not exist on type '{ authorized: true; user: UserRecord; }'.
src/worker-integrated.ts(13293,51): error TS2339: Property 'response' does not exist on type 'AuthCheckResult'.
  Property 'response' does not exist on type '{ authorized: true; user: UserRecord; }'.
src/worker-integrated.ts(13316,51): error TS2339: Property 'response' does not exist on type 'AuthCheckResult'.
  Property 'response' does not exist on type '{ authorized: true; user: UserRecord; }'.
src/worker-integrated.ts(13346,51): error TS2339: Property 'response' does not exist on type 'AuthCheckResult'.
  Property 'response' does not exist on type '{ authorized: true; user: UserRecord; }'.
src/worker-integrated.ts(13367,51): error TS2339: Property 'response' does not exist on type 'AuthCheckResult'.
  Property 'response' does not exist on type '{ authorized: true; user: UserRecord; }'.
src/worker-integrated.ts(13387,51): error TS2339: Property 'response' does not exist on type 'AuthCheckResult'.
  Property 'response' does not exist on type '{ authorized: true; user: UserRecord; }'.
src/worker-integrated.ts(13975,25): error TS2802: Type 'Set<string>' can only be iterated through when using the '--downlevelIteration' flag or with a '--target' of 'es2015' or higher.
src/worker-integrated.ts(13976,27): error TS2802: Type 'Set<string>' can only be iterated through when using the '--downlevelIteration' flag or with a '--target' of 'es2015' or higher.
src/workers/container-worker-integration.ts(68,52): error TS2345: Argument of type 'import("/home/supremeisbeing/pitcheymovie/pitchey_v0.2/src/db/connection").Env' is not assignable to parameter of type 'import("src/worker-integrated").Env'.
  Type 'Env' is missing the following properties from type 'Env': CACHE, RATE_LIMIT_KV, R2_BUCKET, FRONTEND_URL, ENVIRONMENT
src/workers/container-worker-integration.ts(69,51): error TS2345: Argument of type 'import("/home/supremeisbeing/pitcheymovie/pitchey_v0.2/src/db/connection").Env' is not assignable to parameter of type 'import("src/worker-integrated").Env'.
  Type 'Env' is missing the following properties from type 'Env': CACHE, RATE_LIMIT_KV, R2_BUCKET, FRONTEND_URL, ENVIRONMENT
src/workers/container-worker-integration.ts(71,72): error TS2554: Expected 1 arguments, but got 2.
src/workers/container-worker-integration.ts(149,19): error TS2339: Property 'handleInstanceEndpoints' does not exist on type 'ContainerWorkerIntegration'.
src/workers/container-worker-integration.ts(164,19): error TS2551: Property 'handleConfigEndpoints' does not exist on type 'ContainerWorkerIntegration'. Did you mean 'handleJobEndpoints'?
src/workers/container-worker-integration.ts(201,23): error TS2339: Property 'cancelJob' does not exist on type 'ContainerWorkerIntegration'.
src/workers/container-worker-integration.ts(274,21): error TS2339: Property 'getCostMetrics' does not exist on type 'ContainerWorkerIntegration'.
src/workers/container-worker-integration.ts(277,21): error TS2339: Property 'getPerformanceMetrics' does not exist on type 'ContainerWorkerIntegration'.
src/workers/container-worker-integration.ts(280,21): error TS2339: Property 'getHealthMetrics' does not exist on type 'ContainerWorkerIntegration'.
src/workers/container-worker-integration.ts(325,10): error TS2559: Type '3600' has no properties in common with type 'KVCacheOptions'.
src/workers/container-worker-integration.ts(350,53): error TS2559: Type '300' has no properties in common with type 'KVCacheOptions'.
src/workers/container-worker-integration.ts(418,46): error TS2559: Type '60' has no properties in common with type 'KVCacheOptions'.
src/workers/container-worker-integration.ts(456,49): error TS2559: Type '60' has no properties in common with type 'KVCacheOptions'.
src/workers/container-worker-integration.ts(517,46): error TS2339: Property 'build' does not exist on type 'Response'.
src/workers/container-worker-integration.ts(529,10): error TS2339: Property 'build' does not exist on type 'Response'.
src/workers/container-worker-integration.ts(596,45): error TS2345: Argument of type 'Env' is not assignable to parameter of type 'AuthEnv'.
  The types of 'SESSIONS_KV.get' are incompatible between these types.
    Type '{ (key: string, options?: Partial<KVNamespaceGetOptions<undefined>>): Promise<string>; (key: string, type: "text"): Promise<string>; <ExpectedValue = unknown>(key: string, type: "json"): Promise<...>; (key: string, type: "arrayBuffer"): Promise<...>; (key: string, type: "stream"): Promise<...>; (key: string, options...' is not assignable to type '{ (key: string, options?: Partial<import("/home/supremeisbeing/pitcheymovie/pitchey_v0.2/node_modules/@cloudflare/workers-types/index").KVNamespaceGetOptions<undefined>>): Promise<...>; (key: string, type: "text"): Promise<...>; <ExpectedValue = unknown>(key: string, type: "json"): Promise<...>; (key: string, type: ...'.
      Types of parameters 'options' and 'type' are incompatible.
        Type '"stream"' has no properties in common with type 'Partial<KVNamespaceGetOptions<undefined>>'.
src/workers/container-worker-integration.ts(606,34): error TS2339: Property 'getSession' does not exist on type '{ sql: NeonQueryFunction<false, false>; dbAdapter: { findUser(email: string): Promise<Record<string, unknown>>; findUserById(id: string): Promise<Record<...>>; createSession(userId: string, expiresAt: Date): Promise<...>; findSession(sessionId: string): Promise<...>; deleteSession(sessionId: string): Promise<...>; d...'.
